Exception in thread "DefaultDispatcher-worker-4" java.io.IOException: Удаленный хост принудительно разорвал существующее подключение
	at java.base/sun.nio.ch.SocketDispatcher.read0(Native Method)
	at java.base/sun.nio.ch.SocketDispatcher.read(SocketDispatcher.java:43)
	at java.base/sun.nio.ch.IOUtil.readIntoNativeBuffer(IOUtil.java:276)
	at java.base/sun.nio.ch.IOUtil.read(IOUtil.java:233)
	at java.base/sun.nio.ch.IOUtil.read(IOUtil.java:223)
	at java.base/sun.nio.ch.SocketChannelImpl.read(SocketChannelImpl.java:356)
	at kotlinx.io.nio.ChannelsKt.read(Channels.kt:117)
	at io.ktor.network.sockets.CIOReaderKt$attachForReadingDirectImpl$1$1.invokeSuspend(CIOReader.kt:75)
	at kotlin.coroutines.jvm.internal.BaseContinuationImpl.resumeWith(ContinuationImpl.kt:33)
	at kotlinx.coroutines.ResumeModeKt.resumeMode(ResumeMode.kt:67)
	at kotlinx.coroutines.DispatchedKt.resume(Dispatched.kt:319)
	at kotlinx.coroutines.DispatchedKt.resumeUnconfined(Dispatched.kt:49)
	at kotlinx.coroutines.DispatchedKt.dispatch(Dispatched.kt:298)
	at kotlinx.coroutines.CancellableContinuationImpl.dispatchResume(CancellableContinuationImpl.kt:250)
	at kotlinx.coroutines.CancellableContinuationImpl.resumeImpl(CancellableContinuationImpl.kt:260)
	at kotlinx.coroutines.CancellableContinuationImpl.resumeWith(CancellableContinuationImpl.kt:189)
	at io.ktor.network.selector.SelectorManagerSupport.handleSelectedKey(SelectorManagerSupport.kt:83)
	at io.ktor.network.selector.SelectorManagerSupport.handleSelectedKeys(SelectorManagerSupport.kt:63)
	at io.ktor.network.selector.ActorSelectorManager.process(ActorSelectorManager.kt:74)
	at io.ktor.network.selector.ActorSelectorManager$process$1.invokeSuspend(ActorSelectorManager.kt)
	at kotlin.coroutines.jvm.internal.BaseContinuationImpl.resumeWith(ContinuationImpl.kt:33)
	at kotlinx.coroutines.DispatchedTask.run(Dispatched.kt:241)
	at kotlinx.coroutines.scheduling.CoroutineScheduler.runSafely(CoroutineScheduler.kt:594)
	at kotlinx.coroutines.scheduling.CoroutineScheduler.access$runSafely(CoroutineScheduler.kt:60)
	at kotlinx.coroutines.scheduling.CoroutineScheduler$Worker.run(CoroutineScheduler.kt:740)
Exception in thread "DefaultDispatcher-worker-6" java.io.IOException: Удаленный хост принудительно разорвал существующее подключение
	at java.base/sun.nio.ch.SocketDispatcher.read0(Native Method)
	at java.base/sun.nio.ch.SocketDispatcher.read(SocketDispatcher.java:43)
	at java.base/sun.nio.ch.IOUtil.readIntoNativeBuffer(IOUtil.java:276)
	at java.base/sun.nio.ch.IOUtil.read(IOUtil.java:233)
	at java.base/sun.nio.ch.IOUtil.read(IOUtil.java:223)
	at java.base/sun.nio.ch.SocketChannelImpl.read(SocketChannelImpl.java:356)
	at kotlinx.io.nio.ChannelsKt.read(Channels.kt:117)
	at io.ktor.network.sockets.CIOReaderKt$attachForReadingDirectImpl$1$1.invokeSuspend(CIOReader.kt:75)
	at kotlin.coroutines.jvm.internal.BaseContinuationImpl.resumeWith(ContinuationImpl.kt:33)
	at kotlinx.coroutines.ResumeModeKt.resumeMode(ResumeMode.kt:67)
	at kotlinx.coroutines.DispatchedKt.resume(Dispatched.kt:319)
	at kotlinx.coroutines.DispatchedKt.resumeUnconfined(Dispatched.kt:49)
	at kotlinx.coroutines.DispatchedKt.dispatch(Dispatched.kt:298)
	at kotlinx.coroutines.CancellableContinuationImpl.dispatchResume(CancellableContinuationImpl.kt:250)
	at kotlinx.coroutines.CancellableContinuationImpl.resumeImpl(CancellableContinuationImpl.kt:260)
	at kotlinx.coroutines.CancellableContinuationImpl.resumeWith(CancellableContinuationImpl.kt:189)
	at io.ktor.network.selector.SelectorManagerSupport.handleSelectedKey(SelectorManagerSupport.kt:83)
	at io.ktor.network.selector.SelectorManagerSupport.handleSelectedKeys(SelectorManagerSupport.kt:63)
	at io.ktor.network.selector.ActorSelectorManager.process(ActorSelectorManager.kt:74)
	at io.ktor.network.selector.ActorSelectorManager$process$1.invokeSuspend(ActorSelectorManager.kt)
	at kotlin.coroutines.jvm.internal.BaseContinuationImpl.resumeWith(ContinuationImpl.kt:33)
	at kotlinx.coroutines.DispatchedTask.run(Dispatched.kt:241)
	at kotlinx.coroutines.scheduling.CoroutineScheduler.runSafely(CoroutineScheduler.kt:594)
	at kotlinx.coroutines.scheduling.CoroutineScheduler.access$runSafely(CoroutineScheduler.kt:60)
	at kotlinx.coroutines.scheduling.CoroutineScheduler$Worker.run(CoroutineScheduler.kt:740)
Exception in thread "DefaultDispatcher-worker-6" java.io.IOException: Удаленный хост принудительно разорвал существующее подключение
	at java.base/sun.nio.ch.SocketDispatcher.read0(Native Method)
	at java.base/sun.nio.ch.SocketDispatcher.read(SocketDispatcher.java:43)
	at java.base/sun.nio.ch.IOUtil.readIntoNativeBuffer(IOUtil.java:276)
	at java.base/sun.nio.ch.IOUtil.read(IOUtil.java:233)
	at java.base/sun.nio.ch.IOUtil.read(IOUtil.java:223)
	at java.base/sun.nio.ch.SocketChannelImpl.read(SocketChannelImpl.java:356)
	at kotlinx.io.nio.ChannelsKt.read(Channels.kt:117)
	at io.ktor.network.sockets.CIOReaderKt$attachForReadingDirectImpl$1$1.invokeSuspend(CIOReader.kt:75)
	at kotlin.coroutines.jvm.internal.BaseContinuationImpl.resumeWith(ContinuationImpl.kt:33)
	at kotlinx.coroutines.ResumeModeKt.resumeMode(ResumeMode.kt:67)
	at kotlinx.coroutines.DispatchedKt.resume(Dispatched.kt:319)
	at kotlinx.coroutines.DispatchedKt.resumeUnconfined(Dispatched.kt:49)
	at kotlinx.coroutines.DispatchedKt.dispatch(Dispatched.kt:298)
	at kotlinx.coroutines.CancellableContinuationImpl.dispatchResume(CancellableContinuationImpl.kt:250)
	at kotlinx.coroutines.CancellableContinuationImpl.resumeImpl(CancellableContinuationImpl.kt:260)
	at kotlinx.coroutines.CancellableContinuationImpl.resumeWith(CancellableContinuationImpl.kt:189)
	at io.ktor.network.selector.SelectorManagerSupport.handleSelectedKey(SelectorManagerSupport.kt:83)
	at io.ktor.network.selector.SelectorManagerSupport.handleSelectedKeys(SelectorManagerSupport.kt:63)
	at io.ktor.network.selector.ActorSelectorManager.process(ActorSelectorManager.kt:74)
	at io.ktor.network.selector.ActorSelectorManager$process$1.invokeSuspend(ActorSelectorManager.kt)
	at kotlin.coroutines.jvm.internal.BaseContinuationImpl.resumeWith(ContinuationImpl.kt:33)
	at kotlinx.coroutines.DispatchedTask.run(Dispatched.kt:241)
	at kotlinx.coroutines.scheduling.CoroutineScheduler.runSafely(CoroutineScheduler.kt:594)
	at kotlinx.coroutines.scheduling.CoroutineScheduler.access$runSafely(CoroutineScheduler.kt:60)
	at kotlinx.coroutines.scheduling.CoroutineScheduler$Worker.run(CoroutineScheduler.kt:740)
Exception in thread "DefaultDispatcher-worker-6" java.io.IOException: Удаленный хост принудительно разорвал существующее подключение
	at java.base/sun.nio.ch.SocketDispatcher.read0(Native Method)
	at java.base/sun.nio.ch.SocketDispatcher.read(SocketDispatcher.java:43)
	at java.base/sun.nio.ch.IOUtil.readIntoNativeBuffer(IOUtil.java:276)
	at java.base/sun.nio.ch.IOUtil.read(IOUtil.java:233)
	at java.base/sun.nio.ch.IOUtil.read(IOUtil.java:223)
	at java.base/sun.nio.ch.SocketChannelImpl.read(SocketChannelImpl.java:356)
	at kotlinx.io.nio.ChannelsKt.read(Channels.kt:117)
	at io.ktor.network.sockets.CIOReaderKt$attachForReadingDirectImpl$1$1.invokeSuspend(CIOReader.kt:75)
	at kotlin.coroutines.jvm.internal.BaseContinuationImpl.resumeWith(ContinuationImpl.kt:33)
	at kotlinx.coroutines.ResumeModeKt.resumeMode(ResumeMode.kt:67)
	at kotlinx.coroutines.DispatchedKt.resume(Dispatched.kt:319)
	at kotlinx.coroutines.DispatchedKt.resumeUnconfined(Dispatched.kt:49)
	at kotlinx.coroutines.DispatchedKt.dispatch(Dispatched.kt:298)
	at kotlinx.coroutines.CancellableContinuationImpl.dispatchResume(CancellableContinuationImpl.kt:250)
	at kotlinx.coroutines.CancellableContinuationImpl.resumeImpl(CancellableContinuationImpl.kt:260)
	at kotlinx.coroutines.CancellableContinuationImpl.resumeWith(CancellableContinuationImpl.kt:189)
	at io.ktor.network.selector.SelectorManagerSupport.handleSelectedKey(SelectorManagerSupport.kt:83)
	at io.ktor.network.selector.SelectorManagerSupport.handleSelectedKeys(SelectorManagerSupport.kt:63)
	at io.ktor.network.selector.ActorSelectorManager.process(ActorSelectorManager.kt:74)
	at io.ktor.network.selector.ActorSelectorManager$process$1.invokeSuspend(ActorSelectorManager.kt)
	at kotlin.coroutines.jvm.internal.BaseContinuationImpl.resumeWith(ContinuationImpl.kt:33)
	at kotlinx.coroutines.DispatchedTask.run(Dispatched.kt:241)
	at kotlinx.coroutines.scheduling.CoroutineScheduler.runSafely(CoroutineScheduler.kt:594)
	at kotlinx.coroutines.scheduling.CoroutineScheduler.access$runSafely(CoroutineScheduler.kt:60)
	at kotlinx.coroutines.scheduling.CoroutineScheduler$Worker.run(CoroutineScheduler.kt:740)
Exception in thread "DefaultDispatcher-worker-6" java.io.IOException: Удаленный хост принудительно разорвал существующее подключение
	at java.base/sun.nio.ch.SocketDispatcher.read0(Native Method)
	at java.base/sun.nio.ch.SocketDispatcher.read(SocketDispatcher.java:43)
	at java.base/sun.nio.ch.IOUtil.readIntoNativeBuffer(IOUtil.java:276)
	at java.base/sun.nio.ch.IOUtil.read(IOUtil.java:233)
	at java.base/sun.nio.ch.IOUtil.read(IOUtil.java:223)
	at java.base/sun.nio.ch.SocketChannelImpl.read(SocketChannelImpl.java:356)
	at kotlinx.io.nio.ChannelsKt.read(Channels.kt:117)
	at io.ktor.network.sockets.CIOReaderKt$attachForReadingDirectImpl$1$1.invokeSuspend(CIOReader.kt:75)
	at kotlin.coroutines.jvm.internal.BaseContinuationImpl.resumeWith(ContinuationImpl.kt:33)
	at kotlinx.coroutines.ResumeModeKt.resumeMode(ResumeMode.kt:67)
	at kotlinx.coroutines.DispatchedKt.resume(Dispatched.kt:319)
	at kotlinx.coroutines.DispatchedKt.resumeUnconfined(Dispatched.kt:49)
	at kotlinx.coroutines.DispatchedKt.dispatch(Dispatched.kt:298)
	at kotlinx.coroutines.CancellableContinuationImpl.dispatchResume(CancellableContinuationImpl.kt:250)
	at kotlinx.coroutines.CancellableContinuationImpl.resumeImpl(CancellableContinuationImpl.kt:260)
	at kotlinx.coroutines.CancellableContinuationImpl.resumeWith(CancellableContinuationImpl.kt:189)
	at io.ktor.network.selector.SelectorManagerSupport.handleSelectedKey(SelectorManagerSupport.kt:83)
	at io.ktor.network.selector.SelectorManagerSupport.handleSelectedKeys(SelectorManagerSupport.kt:63)
	at io.ktor.network.selector.ActorSelectorManager.process(ActorSelectorManager.kt:74)
	at io.ktor.network.selector.ActorSelectorManager$process$1.invokeSuspend(ActorSelectorManager.kt)
	at kotlin.coroutines.jvm.internal.BaseContinuationImpl.resumeWith(ContinuationImpl.kt:33)
	at kotlinx.coroutines.DispatchedTask.run(Dispatched.kt:241)
	at kotlinx.coroutines.scheduling.CoroutineScheduler.runSafely(CoroutineScheduler.kt:594)
	at kotlinx.coroutines.scheduling.CoroutineScheduler.access$runSafely(CoroutineScheduler.kt:60)
	at kotlinx.coroutines.scheduling.CoroutineScheduler$Worker.run(CoroutineScheduler.kt:740)
Exception in thread "DefaultDispatcher-worker-1" java.io.IOException: Удаленный хост принудительно разорвал существующее подключение
	at java.base/sun.nio.ch.SocketDispatcher.read0(Native Method)
	at java.base/sun.nio.ch.SocketDispatcher.read(SocketDispatcher.java:43)
	at java.base/sun.nio.ch.IOUtil.readIntoNativeBuffer(IOUtil.java:276)
	at java.base/sun.nio.ch.IOUtil.read(IOUtil.java:233)
	at java.base/sun.nio.ch.IOUtil.read(IOUtil.java:223)
	at java.base/sun.nio.ch.SocketChannelImpl.read(SocketChannelImpl.java:356)
	at kotlinx.io.nio.ChannelsKt.read(Channels.kt:117)
	at io.ktor.network.sockets.CIOReaderKt$attachForReadingDirectImpl$1$1.invokeSuspend(CIOReader.kt:75)
	at kotlin.coroutines.jvm.internal.BaseContinuationImpl.resumeWith(ContinuationImpl.kt:33)
	at kotlinx.coroutines.ResumeModeKt.resumeMode(ResumeMode.kt:67)
	at kotlinx.coroutines.DispatchedKt.resume(Dispatched.kt:319)
	at kotlinx.coroutines.DispatchedKt.resumeUnconfined(Dispatched.kt:49)
	at kotlinx.coroutines.DispatchedKt.dispatch(Dispatched.kt:298)
	at kotlinx.coroutines.CancellableContinuationImpl.dispatchResume(CancellableContinuationImpl.kt:250)
	at kotlinx.coroutines.CancellableContinuationImpl.resumeImpl(CancellableContinuationImpl.kt:260)
	at kotlinx.coroutines.CancellableContinuationImpl.resumeWith(CancellableContinuationImpl.kt:189)
	at io.ktor.network.selector.SelectorManagerSupport.handleSelectedKey(SelectorManagerSupport.kt:83)
	at io.ktor.network.selector.SelectorManagerSupport.handleSelectedKeys(SelectorManagerSupport.kt:63)
	at io.ktor.network.selector.ActorSelectorManager.process(ActorSelectorManager.kt:74)
	at io.ktor.network.selector.ActorSelectorManager$process$1.invokeSuspend(ActorSelectorManager.kt)
	at kotlin.coroutines.jvm.internal.BaseContinuationImpl.resumeWith(ContinuationImpl.kt:33)
	at kotlinx.coroutines.DispatchedTask.run(Dispatched.kt:241)
	at kotlinx.coroutines.scheduling.CoroutineScheduler.runSafely(CoroutineScheduler.kt:594)
	at kotlinx.coroutines.scheduling.CoroutineScheduler.access$runSafely(CoroutineScheduler.kt:60)
	at kotlinx.coroutines.scheduling.CoroutineScheduler$Worker.run(CoroutineScheduler.kt:740)
Exception in thread "DefaultDispatcher-worker-3" java.io.IOException: Удаленный хост принудительно разорвал существующее подключение
	at java.base/sun.nio.ch.SocketDispatcher.read0(Native Method)
	at java.base/sun.nio.ch.SocketDispatcher.read(SocketDispatcher.java:43)
	at java.base/sun.nio.ch.IOUtil.readIntoNativeBuffer(IOUtil.java:276)
	at java.base/sun.nio.ch.IOUtil.read(IOUtil.java:233)
	at java.base/sun.nio.ch.IOUtil.read(IOUtil.java:223)
	at java.base/sun.nio.ch.SocketChannelImpl.read(SocketChannelImpl.java:356)
	at kotlinx.io.nio.ChannelsKt.read(Channels.kt:117)
	at io.ktor.network.sockets.CIOReaderKt$attachForReadingDirectImpl$1$1.invokeSuspend(CIOReader.kt:75)
	at kotlin.coroutines.jvm.internal.BaseContinuationImpl.resumeWith(ContinuationImpl.kt:33)
	at kotlinx.coroutines.ResumeModeKt.resumeMode(ResumeMode.kt:67)
	at kotlinx.coroutines.DispatchedKt.resume(Dispatched.kt:319)
	at kotlinx.coroutines.DispatchedKt.resumeUnconfined(Dispatched.kt:49)
	at kotlinx.coroutines.DispatchedKt.dispatch(Dispatched.kt:298)
	at kotlinx.coroutines.CancellableContinuationImpl.dispatchResume(CancellableContinuationImpl.kt:250)
	at kotlinx.coroutines.CancellableContinuationImpl.resumeImpl(CancellableContinuationImpl.kt:260)
	at kotlinx.coroutines.CancellableContinuationImpl.resumeWith(CancellableContinuationImpl.kt:189)
	at io.ktor.network.selector.SelectorManagerSupport.handleSelectedKey(SelectorManagerSupport.kt:83)
	at io.ktor.network.selector.SelectorManagerSupport.handleSelectedKeys(SelectorManagerSupport.kt:63)
	at io.ktor.network.selector.ActorSelectorManager.process(ActorSelectorManager.kt:74)
	at io.ktor.network.selector.ActorSelectorManager$process$1.invokeSuspend(ActorSelectorManager.kt)
	at kotlin.coroutines.jvm.internal.BaseContinuationImpl.resumeWith(ContinuationImpl.kt:33)
	at kotlinx.coroutines.DispatchedTask.run(Dispatched.kt:241)
	at kotlinx.coroutines.scheduling.CoroutineScheduler.runSafely(CoroutineScheduler.kt:594)
	at kotlinx.coroutines.scheduling.CoroutineScheduler.access$runSafely(CoroutineScheduler.kt:60)
	at kotlinx.coroutines.scheduling.CoroutineScheduler$Worker.run(CoroutineScheduler.kt:740)
Exception in thread "DefaultDispatcher-worker-3" java.io.IOException: Удаленный хост принудительно разорвал существующее подключение
	at java.base/sun.nio.ch.SocketDispatcher.read0(Native Method)
	at java.base/sun.nio.ch.SocketDispatcher.read(SocketDispatcher.java:43)
	at java.base/sun.nio.ch.IOUtil.readIntoNativeBuffer(IOUtil.java:276)
	at java.base/sun.nio.ch.IOUtil.read(IOUtil.java:233)
	at java.base/sun.nio.ch.IOUtil.read(IOUtil.java:223)
	at java.base/sun.nio.ch.SocketChannelImpl.read(SocketChannelImpl.java:356)
	at kotlinx.io.nio.ChannelsKt.read(Channels.kt:117)
	at io.ktor.network.sockets.CIOReaderKt$attachForReadingDirectImpl$1$1.invokeSuspend(CIOReader.kt:75)
	at kotlin.coroutines.jvm.internal.BaseContinuationImpl.resumeWith(ContinuationImpl.kt:33)
	at kotlinx.coroutines.ResumeModeKt.resumeMode(ResumeMode.kt:67)
	at kotlinx.coroutines.DispatchedKt.resume(Dispatched.kt:319)
	at kotlinx.coroutines.DispatchedKt.resumeUnconfined(Dispatched.kt:49)
	at kotlinx.coroutines.DispatchedKt.dispatch(Dispatched.kt:298)
	at kotlinx.coroutines.CancellableContinuationImpl.dispatchResume(CancellableContinuationImpl.kt:250)
	at kotlinx.coroutines.CancellableContinuationImpl.resumeImpl(CancellableContinuationImpl.kt:260)
	at kotlinx.coroutines.CancellableContinuationImpl.resumeWith(CancellableContinuationImpl.kt:189)
	at io.ktor.network.selector.SelectorManagerSupport.handleSelectedKey(SelectorManagerSupport.kt:83)
	at io.ktor.network.selector.SelectorManagerSupport.handleSelectedKeys(SelectorManagerSupport.kt:63)
	at io.ktor.network.selector.ActorSelectorManager.process(ActorSelectorManager.kt:74)
	at io.ktor.network.selector.ActorSelectorManager$process$1.invokeSuspend(ActorSelectorManager.kt)
	at kotlin.coroutines.jvm.internal.BaseContinuationImpl.resumeWith(ContinuationImpl.kt:33)
	at kotlinx.coroutines.DispatchedTask.run(Dispatched.kt:241)
	at kotlinx.coroutines.scheduling.CoroutineScheduler.runSafely(CoroutineScheduler.kt:594)
	at kotlinx.coroutines.scheduling.CoroutineScheduler.access$runSafely(CoroutineScheduler.kt:60)
	at kotlinx.coroutines.scheduling.CoroutineScheduler$Worker.run(CoroutineScheduler.kt:740)
Exception in thread "DefaultDispatcher-worker-3" java.io.IOException: Удаленный хост принудительно разорвал существующее подключение
	at java.base/sun.nio.ch.SocketDispatcher.read0(Native Method)
	at java.base/sun.nio.ch.SocketDispatcher.read(SocketDispatcher.java:43)
	at java.base/sun.nio.ch.IOUtil.readIntoNativeBuffer(IOUtil.java:276)
	at java.base/sun.nio.ch.IOUtil.read(IOUtil.java:233)
	at java.base/sun.nio.ch.IOUtil.read(IOUtil.java:223)
	at java.base/sun.nio.ch.SocketChannelImpl.read(SocketChannelImpl.java:356)
	at kotlinx.io.nio.ChannelsKt.read(Channels.kt:117)
	at io.ktor.network.sockets.CIOReaderKt$attachForReadingDirectImpl$1$1.invokeSuspend(CIOReader.kt:75)
	at kotlin.coroutines.jvm.internal.BaseContinuationImpl.resumeWith(ContinuationImpl.kt:33)
	at kotlinx.coroutines.ResumeModeKt.resumeMode(ResumeMode.kt:67)
	at kotlinx.coroutines.DispatchedKt.resume(Dispatched.kt:319)
	at kotlinx.coroutines.DispatchedKt.resumeUnconfined(Dispatched.kt:49)
	at kotlinx.coroutines.DispatchedKt.dispatch(Dispatched.kt:298)
	at kotlinx.coroutines.CancellableContinuationImpl.dispatchResume(CancellableContinuationImpl.kt:250)
	at kotlinx.coroutines.CancellableContinuationImpl.resumeImpl(CancellableContinuationImpl.kt:260)
	at kotlinx.coroutines.CancellableContinuationImpl.resumeWith(CancellableContinuationImpl.kt:189)
	at io.ktor.network.selector.SelectorManagerSupport.handleSelectedKey(SelectorManagerSupport.kt:83)
	at io.ktor.network.selector.SelectorManagerSupport.handleSelectedKeys(SelectorManagerSupport.kt:63)
	at io.ktor.network.selector.ActorSelectorManager.process(ActorSelectorManager.kt:74)
	at io.ktor.network.selector.ActorSelectorManager$process$1.invokeSuspend(ActorSelectorManager.kt)
	at kotlin.coroutines.jvm.internal.BaseContinuationImpl.resumeWith(ContinuationImpl.kt:33)
	at kotlinx.coroutines.DispatchedTask.run(Dispatched.kt:241)
	at kotlinx.coroutines.scheduling.CoroutineScheduler.runSafely(CoroutineScheduler.kt:594)
	at kotlinx.coroutines.scheduling.CoroutineScheduler.access$runSafely(CoroutineScheduler.kt:60)
	at kotlinx.coroutines.scheduling.CoroutineScheduler$Worker.run(CoroutineScheduler.kt:740)
Exception in thread "DefaultDispatcher-worker-3" java.io.IOException: Удаленный хост принудительно разорвал существующее подключение
	at java.base/sun.nio.ch.SocketDispatcher.read0(Native Method)
	at java.base/sun.nio.ch.SocketDispatcher.read(SocketDispatcher.java:43)
	at java.base/sun.nio.ch.IOUtil.readIntoNativeBuffer(IOUtil.java:276)
	at java.base/sun.nio.ch.IOUtil.read(IOUtil.java:233)
	at java.base/sun.nio.ch.IOUtil.read(IOUtil.java:223)
	at java.base/sun.nio.ch.SocketChannelImpl.read(SocketChannelImpl.java:356)
	at kotlinx.io.nio.ChannelsKt.read(Channels.kt:117)
	at io.ktor.network.sockets.CIOReaderKt$attachForReadingDirectImpl$1$1.invokeSuspend(CIOReader.kt:75)
	at kotlin.coroutines.jvm.internal.BaseContinuationImpl.resumeWith(ContinuationImpl.kt:33)
	at kotlinx.coroutines.ResumeModeKt.resumeMode(ResumeMode.kt:67)
	at kotlinx.coroutines.DispatchedKt.resume(Dispatched.kt:319)
	at kotlinx.coroutines.DispatchedKt.resumeUnconfined(Dispatched.kt:49)
	at kotlinx.coroutines.DispatchedKt.dispatch(Dispatched.kt:298)
	at kotlinx.coroutines.CancellableContinuationImpl.dispatchResume(CancellableContinuationImpl.kt:250)
	at kotlinx.coroutines.CancellableContinuationImpl.resumeImpl(CancellableContinuationImpl.kt:260)
	at kotlinx.coroutines.CancellableContinuationImpl.resumeWith(CancellableContinuationImpl.kt:189)
	at io.ktor.network.selector.SelectorManagerSupport.handleSelectedKey(SelectorManagerSupport.kt:83)
	at io.ktor.network.selector.SelectorManagerSupport.handleSelectedKeys(SelectorManagerSupport.kt:63)
	at io.ktor.network.selector.ActorSelectorManager.process(ActorSelectorManager.kt:74)
	at io.ktor.network.selector.ActorSelectorManager$process$1.invokeSuspend(ActorSelectorManager.kt)
	at kotlin.coroutines.jvm.internal.BaseContinuationImpl.resumeWith(ContinuationImpl.kt:33)
	at kotlinx.coroutines.DispatchedTask.run(Dispatched.kt:241)
	at kotlinx.coroutines.scheduling.CoroutineScheduler.runSafely(CoroutineScheduler.kt:594)
	at kotlinx.coroutines.scheduling.CoroutineScheduler.access$runSafely(CoroutineScheduler.kt:60)
	at kotlinx.coroutines.scheduling.CoroutineScheduler$Worker.run(CoroutineScheduler.kt:740)
Exception in thread "DefaultDispatcher-worker-15" java.io.IOException: Удаленный хост принудительно разорвал существующее подключение
	at java.base/sun.nio.ch.SocketDispatcher.read0(Native Method)
	at java.base/sun.nio.ch.SocketDispatcher.read(SocketDispatcher.java:43)
	at java.base/sun.nio.ch.IOUtil.readIntoNativeBuffer(IOUtil.java:276)
	at java.base/sun.nio.ch.IOUtil.read(IOUtil.java:233)
	at java.base/sun.nio.ch.IOUtil.read(IOUtil.java:223)
	at java.base/sun.nio.ch.SocketChannelImpl.read(SocketChannelImpl.java:356)
	at kotlinx.io.nio.ChannelsKt.read(Channels.kt:117)
	at io.ktor.network.sockets.CIOReaderKt$attachForReadingDirectImpl$1$1.invokeSuspend(CIOReader.kt:75)
	at kotlin.coroutines.jvm.internal.BaseContinuationImpl.resumeWith(ContinuationImpl.kt:33)
	at kotlinx.coroutines.ResumeModeKt.resumeMode(ResumeMode.kt:67)
	at kotlinx.coroutines.DispatchedKt.resume(Dispatched.kt:319)
	at kotlinx.coroutines.DispatchedKt.resumeUnconfined(Dispatched.kt:49)
	at kotlinx.coroutines.DispatchedKt.dispatch(Dispatched.kt:298)
	at kotlinx.coroutines.CancellableContinuationImpl.dispatchResume(CancellableContinuationImpl.kt:250)
	at kotlinx.coroutines.CancellableContinuationImpl.resumeImpl(CancellableContinuationImpl.kt:260)
	at kotlinx.coroutines.CancellableContinuationImpl.resumeWith(CancellableContinuationImpl.kt:189)
	at io.ktor.network.selector.SelectorManagerSupport.handleSelectedKey(SelectorManagerSupport.kt:83)
	at io.ktor.network.selector.SelectorManagerSupport.handleSelectedKeys(SelectorManagerSupport.kt:63)
	at io.ktor.network.selector.ActorSelectorManager.process(ActorSelectorManager.kt:74)
	at io.ktor.network.selector.ActorSelectorManager$process$1.invokeSuspend(ActorSelectorManager.kt)
	at kotlin.coroutines.jvm.internal.BaseContinuationImpl.resumeWith(ContinuationImpl.kt:33)
	at kotlinx.coroutines.DispatchedTask.run(Dispatched.kt:241)
	at kotlinx.coroutines.scheduling.CoroutineScheduler.runSafely(CoroutineScheduler.kt:594)
	at kotlinx.coroutines.scheduling.CoroutineScheduler.access$runSafely(CoroutineScheduler.kt:60)
	at kotlinx.coroutines.scheduling.CoroutineScheduler$Worker.run(CoroutineScheduler.kt:740)
Exception in thread "DefaultDispatcher-worker-4" java.io.IOException: Удаленный хост принудительно разорвал существующее подключение
	at java.base/sun.nio.ch.SocketDispatcher.read0(Native Method)
	at java.base/sun.nio.ch.SocketDispatcher.read(SocketDispatcher.java:43)
	at java.base/sun.nio.ch.IOUtil.readIntoNativeBuffer(IOUtil.java:276)
	at java.base/sun.nio.ch.IOUtil.read(IOUtil.java:233)
	at java.base/sun.nio.ch.IOUtil.read(IOUtil.java:223)
	at java.base/sun.nio.ch.SocketChannelImpl.read(SocketChannelImpl.java:356)
	at kotlinx.io.nio.ChannelsKt.read(Channels.kt:117)
	at io.ktor.network.sockets.CIOReaderKt$attachForReadingDirectImpl$1$1.invokeSuspend(CIOReader.kt:75)
	at kotlin.coroutines.jvm.internal.BaseContinuationImpl.resumeWith(ContinuationImpl.kt:33)
	at kotlinx.coroutines.ResumeModeKt.resumeMode(ResumeMode.kt:67)
	at kotlinx.coroutines.DispatchedKt.resume(Dispatched.kt:319)
	at kotlinx.coroutines.DispatchedKt.resumeUnconfined(Dispatched.kt:49)
	at kotlinx.coroutines.DispatchedKt.dispatch(Dispatched.kt:298)
	at kotlinx.coroutines.CancellableContinuationImpl.dispatchResume(CancellableContinuationImpl.kt:250)
	at kotlinx.coroutines.CancellableContinuationImpl.resumeImpl(CancellableContinuationImpl.kt:260)
	at kotlinx.coroutines.CancellableContinuationImpl.resumeWith(CancellableContinuationImpl.kt:189)
	at io.ktor.network.selector.SelectorManagerSupport.handleSelectedKey(SelectorManagerSupport.kt:83)
	at io.ktor.network.selector.SelectorManagerSupport.handleSelectedKeys(SelectorManagerSupport.kt:63)
	at io.ktor.network.selector.ActorSelectorManager.process(ActorSelectorManager.kt:74)
	at io.ktor.network.selector.ActorSelectorManager$process$1.invokeSuspend(ActorSelectorManager.kt)
	at kotlin.coroutines.jvm.internal.BaseContinuationImpl.resumeWith(ContinuationImpl.kt:33)
	at kotlinx.coroutines.DispatchedTask.run(Dispatched.kt:241)
	at kotlinx.coroutines.scheduling.CoroutineScheduler.runSafely(CoroutineScheduler.kt:594)
	at kotlinx.coroutines.scheduling.CoroutineScheduler.access$runSafely(CoroutineScheduler.kt:60)
	at kotlinx.coroutines.scheduling.CoroutineScheduler$Worker.run(CoroutineScheduler.kt:740)
Exception in thread "DefaultDispatcher-worker-4" java.io.IOException: Удаленный хост принудительно разорвал существующее подключение
	at java.base/sun.nio.ch.SocketDispatcher.read0(Native Method)
	at java.base/sun.nio.ch.SocketDispatcher.read(SocketDispatcher.java:43)
	at java.base/sun.nio.ch.IOUtil.readIntoNativeBuffer(IOUtil.java:276)
	at java.base/sun.nio.ch.IOUtil.read(IOUtil.java:233)
	at java.base/sun.nio.ch.IOUtil.read(IOUtil.java:223)
	at java.base/sun.nio.ch.SocketChannelImpl.read(SocketChannelImpl.java:356)
	at kotlinx.io.nio.ChannelsKt.read(Channels.kt:117)
	at io.ktor.network.sockets.CIOReaderKt$attachForReadingDirectImpl$1$1.invokeSuspend(CIOReader.kt:75)
	at kotlin.coroutines.jvm.internal.BaseContinuationImpl.resumeWith(ContinuationImpl.kt:33)
	at kotlinx.coroutines.ResumeModeKt.resumeMode(ResumeMode.kt:67)
	at kotlinx.coroutines.DispatchedKt.resume(Dispatched.kt:319)
	at kotlinx.coroutines.DispatchedKt.resumeUnconfined(Dispatched.kt:49)
	at kotlinx.coroutines.DispatchedKt.dispatch(Dispatched.kt:298)
	at kotlinx.coroutines.CancellableContinuationImpl.dispatchResume(CancellableContinuationImpl.kt:250)
	at kotlinx.coroutines.CancellableContinuationImpl.resumeImpl(CancellableContinuationImpl.kt:260)
	at kotlinx.coroutines.CancellableContinuationImpl.resumeWith(CancellableContinuationImpl.kt:189)
	at io.ktor.network.selector.SelectorManagerSupport.handleSelectedKey(SelectorManagerSupport.kt:83)
	at io.ktor.network.selector.SelectorManagerSupport.handleSelectedKeys(SelectorManagerSupport.kt:63)
	at io.ktor.network.selector.ActorSelectorManager.process(ActorSelectorManager.kt:74)
	at io.ktor.network.selector.ActorSelectorManager$process$1.invokeSuspend(ActorSelectorManager.kt)
	at kotlin.coroutines.jvm.internal.BaseContinuationImpl.resumeWith(ContinuationImpl.kt:33)
	at kotlinx.coroutines.DispatchedTask.run(Dispatched.kt:241)
	at kotlinx.coroutines.scheduling.CoroutineScheduler.runSafely(CoroutineScheduler.kt:594)
	at kotlinx.coroutines.scheduling.CoroutineScheduler.access$runSafely(CoroutineScheduler.kt:60)
	at kotlinx.coroutines.scheduling.CoroutineScheduler$Worker.run(CoroutineScheduler.kt:740)
Exception in thread "DefaultDispatcher-worker-4" java.io.IOException: Удаленный хост принудительно разорвал существующее подключение
	at java.base/sun.nio.ch.SocketDispatcher.read0(Native Method)
	at java.base/sun.nio.ch.SocketDispatcher.read(SocketDispatcher.java:43)
	at java.base/sun.nio.ch.IOUtil.readIntoNativeBuffer(IOUtil.java:276)
	at java.base/sun.nio.ch.IOUtil.read(IOUtil.java:233)
	at java.base/sun.nio.ch.IOUtil.read(IOUtil.java:223)
	at java.base/sun.nio.ch.SocketChannelImpl.read(SocketChannelImpl.java:356)
	at kotlinx.io.nio.ChannelsKt.read(Channels.kt:117)
	at io.ktor.network.sockets.CIOReaderKt$attachForReadingDirectImpl$1$1.invokeSuspend(CIOReader.kt:75)
	at kotlin.coroutines.jvm.internal.BaseContinuationImpl.resumeWith(ContinuationImpl.kt:33)
	at kotlinx.coroutines.ResumeModeKt.resumeMode(ResumeMode.kt:67)
	at kotlinx.coroutines.DispatchedKt.resume(Dispatched.kt:319)
	at kotlinx.coroutines.DispatchedKt.resumeUnconfined(Dispatched.kt:49)
	at kotlinx.coroutines.DispatchedKt.dispatch(Dispatched.kt:298)
	at kotlinx.coroutines.CancellableContinuationImpl.dispatchResume(CancellableContinuationImpl.kt:250)
	at kotlinx.coroutines.CancellableContinuationImpl.resumeImpl(CancellableContinuationImpl.kt:260)
	at kotlinx.coroutines.CancellableContinuationImpl.resumeWith(CancellableContinuationImpl.kt:189)
	at io.ktor.network.selector.SelectorManagerSupport.handleSelectedKey(SelectorManagerSupport.kt:83)
	at io.ktor.network.selector.SelectorManagerSupport.handleSelectedKeys(SelectorManagerSupport.kt:63)
	at io.ktor.network.selector.ActorSelectorManager.process(ActorSelectorManager.kt:74)
	at io.ktor.network.selector.ActorSelectorManager$process$1.invokeSuspend(ActorSelectorManager.kt)
	at kotlin.coroutines.jvm.internal.BaseContinuationImpl.resumeWith(ContinuationImpl.kt:33)
	at kotlinx.coroutines.DispatchedTask.run(Dispatched.kt:241)
	at kotlinx.coroutines.scheduling.CoroutineScheduler.runSafely(CoroutineScheduler.kt:594)
	at kotlinx.coroutines.scheduling.CoroutineScheduler.access$runSafely(CoroutineScheduler.kt:60)
	at kotlinx.coroutines.scheduling.CoroutineScheduler$Worker.run(CoroutineScheduler.kt:740)
Exception in thread "DefaultDispatcher-worker-4" java.io.IOException: Удаленный хост принудительно разорвал существующее подключение
	at java.base/sun.nio.ch.SocketDispatcher.read0(Native Method)
	at java.base/sun.nio.ch.SocketDispatcher.read(SocketDispatcher.java:43)
	at java.base/sun.nio.ch.IOUtil.readIntoNativeBuffer(IOUtil.java:276)
	at java.base/sun.nio.ch.IOUtil.read(IOUtil.java:233)
	at java.base/sun.nio.ch.IOUtil.read(IOUtil.java:223)
	at java.base/sun.nio.ch.SocketChannelImpl.read(SocketChannelImpl.java:356)
	at kotlinx.io.nio.ChannelsKt.read(Channels.kt:117)
	at io.ktor.network.sockets.CIOReaderKt$attachForReadingDirectImpl$1$1.invokeSuspend(CIOReader.kt:75)
	at kotlin.coroutines.jvm.internal.BaseContinuationImpl.resumeWith(ContinuationImpl.kt:33)
	at kotlinx.coroutines.ResumeModeKt.resumeMode(ResumeMode.kt:67)
	at kotlinx.coroutines.DispatchedKt.resume(Dispatched.kt:319)
	at kotlinx.coroutines.DispatchedKt.resumeUnconfined(Dispatched.kt:49)
	at kotlinx.coroutines.DispatchedKt.dispatch(Dispatched.kt:298)
	at kotlinx.coroutines.CancellableContinuationImpl.dispatchResume(CancellableContinuationImpl.kt:250)
	at kotlinx.coroutines.CancellableContinuationImpl.resumeImpl(CancellableContinuationImpl.kt:260)
	at kotlinx.coroutines.CancellableContinuationImpl.resumeWith(CancellableContinuationImpl.kt:189)
	at io.ktor.network.selector.SelectorManagerSupport.handleSelectedKey(SelectorManagerSupport.kt:83)
	at io.ktor.network.selector.SelectorManagerSupport.handleSelectedKeys(SelectorManagerSupport.kt:63)
	at io.ktor.network.selector.ActorSelectorManager.process(ActorSelectorManager.kt:74)
	at io.ktor.network.selector.ActorSelectorManager$process$1.invokeSuspend(ActorSelectorManager.kt)
	at kotlin.coroutines.jvm.internal.BaseContinuationImpl.resumeWith(ContinuationImpl.kt:33)
	at kotlinx.coroutines.DispatchedTask.run(Dispatched.kt:241)
	at kotlinx.coroutines.scheduling.CoroutineScheduler.runSafely(CoroutineScheduler.kt:594)
	at kotlinx.coroutines.scheduling.CoroutineScheduler.access$runSafely(CoroutineScheduler.kt:60)
	at kotlinx.coroutines.scheduling.CoroutineScheduler$Worker.run(CoroutineScheduler.kt:740)
